// Jest Snapshot v1, https://goo.gl/fbAQLP

exports[`EnumerationModule writes a module with enumeration members: toMatchSnapshot 1`] = `
"import { NamedNode } from \\"rdf-js\\";
import { ex } from \\"./lib/namespace\\";

export type Enum = NamedNode;

export default {
    Member1: ex.Member1
};
"
`;
